// Jest Snapshot v1, https://goo.gl/fbAQLP

exports[`ContactAddrees should render the contact list correctly 1`] = `
<div>
  <section
    class="sc-csmVar kBNagx"
    data-testid="tab-container"
  >
    <div
      style="width: 100%; display: flex; opacity: 0.18119594527698268; transform: translateX(-244.11672780889091px) translateZ(0);"
    >
      <div
        class="sc-bjEwCx cdROzo"
      >
        <div
          class="sc-eLSjS gLXBOl"
          variant="white"
        >
          <p
            class="sc-kDnyCx iVwbOt"
          >
            Rua
          </p>
          <p
            class="sc-ipMvLY fVVflE"
            data-testid="info-street"
          >
            Douglas Extension
          </p>
        </div>
        <div
          class="sc-eLSjS cJvzVk"
          variant="gray"
        >
          <p
            class="sc-kDnyCx iVwbOt"
          >
            NÃºmero
          </p>
          <p
            class="sc-ipMvLY fVVflE"
            data-testid="info-suite"
          >
            Suite 847
          </p>
        </div>
        <div
          class="sc-eLSjS gLXBOl"
          variant="white"
        >
          <p
            class="sc-kDnyCx iVwbOt"
          >
            Cidade
          </p>
          <p
            class="sc-ipMvLY fVVflE"
            data-testid="info-city"
          >
            McKenziehaven
          </p>
        </div>
        <div
          class="sc-eLSjS cJvzVk"
          variant="gray"
        >
          <p
            class="sc-kDnyCx iVwbOt"
          >
            CEP
          </p>
          <p
            class="sc-ipMvLY fVVflE"
            data-testid="info-zipcode"
          >
            59590-4157
          </p>
        </div>
      </div>
    </div>
    <div
      style="width: 100%; height: 100%; display: flex; background-color: red; opacity: 0.1710638766022734; transform: translateX(248.68083701931803px) translateZ(0);"
    >
      <div
        class="sc-fnOeiS bqivNc"
      />
    </div>
  </section>
</div>
`;
