// Jest Snapshot v1, https://goo.gl/fbAQLP

exports[`Tabs should render correctly snapshot 1`] = `
<div>
  <div
    class="sc-bcPKhP cTRxBW"
  >
    <div
      class="sc-grXZZQ giLQpt"
      data-testid="tab-dados"
    >
      Dados
    </div>
    <div
      class="sc-grXZZQ gbQVZO"
      data-testid="tab-endereco"
    >
      Endere√ßo
    </div>
  </div>
</div>
`;
