// Jest Snapshot v1, https://goo.gl/fbAQLP

exports[`Avatar should render correctly snapshot 1`] = `
<div>
  <div
    class="sc-bcPKhP kipEEd"
    data-testid="avatar-container"
    variant="sm"
  >
    J
    D
  </div>
</div>
`;
