// Jest Snapshot v1, https://goo.gl/fbAQLP

exports[`MapView should render the contact list correctly 1`] = `
<div>
  <div
    class="sc-jrkPcm gOcgPd"
    data-testid="mapview-container"
  >
    <div />
  </div>
</div>
`;
